Rental Record for martin
	Ran	2
Amount owed is 2
You earned 1 frequent renter points
